#-----------------------------------------------------------
# Vivado v2023.1 (64-bit)
# SW Build 3865809 on Sun May  7 15:04:56 MDT 2023
# IP Build 3864474 on Sun May  7 20:36:21 MDT 2023
# SharedData Build 3865790 on Sun May 07 13:33:03 MDT 2023
# Start of session at: Fri May 31 10:33:19 2024
# Process ID: 17843
# Current directory: /home/vera-morales/PSI/projet-automates-langages/Microprocesseur/Microprocesseur.runs/synth_1
# Command line: vivado -log Processeur.vds -product Vivado -mode batch -messageDb vivado.pb -notrace -source Processeur.tcl
# Log file: /home/vera-morales/PSI/projet-automates-langages/Microprocesseur/Microprocesseur.runs/synth_1/Processeur.vds
# Journal file: /home/vera-morales/PSI/projet-automates-langages/Microprocesseur/Microprocesseur.runs/synth_1/vivado.jou
# Running On: insa-10581, OS: Linux, CPU Frequency: 1197.524 MHz, CPU Physical cores: 4, Host memory: 16677 MB
#-----------------------------------------------------------
source Processeur.tcl -notrace
